<html>
  <head>
    <title>Test Attribute Content</title>
  </head>
  <body>
    <p class="right" align="right">This should be right-justified.</p>
    <p class="right" align="right">This should be right-justified.</p>
    <p class="left">This should be left-justified.</p>
  </body>
</html>
<!-- generated by Dynamator Sun Feb 15 17:23:23 CST 2004 -->
