<html>
  <head>
    <title>Attribute References</title>
  </head>
  <body bgcolor="#cccccc">
    <a href="x.htm">should be x.htm</a> <br>
    <a href="x.htm">should be x.htm</a> <br>
    <a href="x.htm#x">should be x.htm#x</a> <br>
    <img alt="This image shows: junk"> <br>
    <img alt="This image shows: "> 
    <form><input type="text" name="test" title='Testing "quotes"'> <input type="button" name='Click "Me"!' onclick='alert("Thanks for testing quote behavior!")'></form>
    <p class="keep-me">Text.</p>
  </body>
</html>
<!-- generated by Dynamator Sun Feb 15 17:23:23 CST 2004 -->
