<?xml version="1.0" encoding="ISO-8859-1" standalone="yes"?><body>
<![CDATA[
This <is/> cdata.
]]>
  <is added="true"></is>
</body>
<!-- generated by Dynamator Fri Jan 30 21:32:55 CST 2004-->
