<html>
  <head>
    <title>Test Discard</title>
  </head>
  <body>
  </body>
</html>
<!-- generated by Dynamator Sun Feb 15 17:23:23 CST 2004 -->
