<html>
  <head>
    <title>Test Discard Tag</title>
  </head>
  <body>
    discard this tag
    discard this tag
    discard this tag
    discard this tag
    discard this tag
    discard this tag
  </body>
</html>
<!-- generated by Dynamator Sun Feb 15 17:23:23 CST 2004 -->
