<html>
  <head>
    <title></title>
  </head>
  <body>
  </body>
</html>
<!-- generated by Dynamator Sun Jul 06 08:54:53 CDT 2003 -->
