<html>
  <head>
    <title>Empty HTML file</title>
  </head>
  <body>
  </body>
</html>

<!--RETAIN This is the end. RETAIN-->
<!-- generated by Dynamator Sat Jul 26 06:53:52 CDT 2003 -->
