<html>
  <head>
    <title>Test Flag Attributes</title>
  </head>
  <body>
    <form><br>
      <input type="checkbox" name="t1">Should not be checked<br>
      <input type="checkbox" name="t2" checked>Should be checked</form>
  </body>
</html>
<!-- generated by Dynamator Fri Jan 30 21:32:55 CST 2004-->
