<!--RETAIN Starting comment RETAIN--><!DOCTYPE HTML PUBLIC "-//W3C//DTD HTML 4.01 Transitional//EN">
    <!--RETAIN the included prolog RETAIN-->
  <html>
  <head>
    <title>New title</title>
  </head>
  <body>
      <p>The -I argument worked.
    x
      <p>Nested include worked.
    </body>
</html>

    <!--RETAIN the included epilog RETAIN-->
  
<!--RETAIN This is the end. RETAIN-->
<!--RETAIN Ending comment RETAIN-->
<!-- generated by Dynamator Sun Feb 15 17:23:24 CST 2004 -->
