<!DOCTYPE HTML PUBLIC "-//W3C//DTD HTML 4.01 Transitional//EN"><html>
  <head>
    <title>Empty HTML file</title>
  </head>
  <body>
  </body>
</html>
<!-- generated by Dynamator Sat Jul 26 13:00:56 CDT 2003 -->
