<html>
  <head>
    <title>Raw Content Override</title>
  </head>
  <body>
    <div id="div_3">
      <p>success!</p>
    </div>
    <div class="div_4">
      <p>success!</p>
    </div>
    <div class="x div_4">
      <p>success!</p>
    </div>
    <div class="div_4 x">
      <p>success!</p>
    </div>
    <div class="x div_4 x">
      <p>success!</p>
    </div>
  </body>
</html>
<!-- generated by Dynamator Sun Feb 15 17:23:23 CST 2004 -->
