<html>
  <head>
    <title>Remove HTML 4.0 Markers</title>
  </head>
  <body>
    <p align="right">text</p>
    <p>text</p>

      <p>success!</p>
    
      <p>success!</p>
    
      <p>success!</p>
    
      <p>success!</p>
    
      <p>success!</p>
      </body>
</html>
<!-- generated by Dynamator Sun Feb 15 17:23:23 CST 2004 -->
