<xml>
  <tag1 attr="val1">
    <my:tag></my:tag>
    <my:tag my:attr="val"></my:tag>
    <my:tag my:attr="val2" z="1">abc</my:tag>
  </tag1>
  <tag2 id="id" another:attr="val3"></tag2>
</xml>
<!-- generated by Dynamator Sat Aug 07 12:43:50 CDT 2004 -->
