<html>
  <head>
    <title>Script test</title>
    <script type="text/javascript" language="javascript">
    x = 1;
    y = 2;
    if (x<y)
    {
        x = x&y;
    }
    if (y<x)
    {
        y&=x;
    }
  
</script>
  </head>
  <body>
    <p>Hi.</p>
    <script type="text/javascript" language="javascript">
    x  = 1;
    yz = "ab";
  
</script>
    <script type="text/javascript" id="alert" language="javascript">
      alert("this was inserted");
    </script>
  </body>
</html>
<!-- generated by Dynamator Sun Feb 15 17:23:23 CST 2004 -->
