<html>
  <head>
    <title>Success!</title>
    <meta name="Description" content="Success!">
    <meta name="Keywords" content="Should not change">
  </head>
  <body>
    <h1 id="h1">Specified by id</h1>
    <h1>Success!</h1>
    <p>OK</p>
  </body>
</html>
<!-- generated by Dynamator Sun Feb 15 17:23:23 CST 2004 -->
