<html>
  <head>
    <title>x</title>
  </head>
  <body>
    <span id="x">x</span> <span id="y">y</span> <span>a</span>.<span>b</span> a<!-- no whitespace -->b <span>a</span><!-- no whitespace --><span>b</span> a<!-- space after --> b <span>a</span><!-- space after --> <span>b</span>
  </body>
</html>
<!-- generated by Dynamator Sun Feb 15 17:23:23 CST 2004 -->
