Dynamator version 1.5, build 20040802.1626
Copyright 2000-2004, Jay Dunning.  All rights reserved.
